  401160      19E Code                EXIFTEST_TEXT
  401300     5500 Code                FREEIMCL_TEXT
  406800       23 Code                IEXE32_TEXT
  406824       50 Code                INIT_TEXT
  406874      C35 Code                SAFIDICL_TEXT
  408000       64 Initialized Data    EXIFTEST_CONST
  408064      211 Initialized Data    FREEIMCL_CONST
  408278      3D0 Initialized Data    FREEIMCL_DATA
  408648       44 Initialized Data    IEXE32_DATA
  40868C      229 Initialized Data    SAFIDICL_CONST
  4088B8      234 Initialized Data    SAFIDICL_DATA
  408AEC        0 Initialized Data    __CPPINI_CONS
  408AEC       54 Initialized Data    __CPPINI_CONST
  408B40        4 Initialized Data    __CPPINI_END
  408B44        0 Initialized Data    __INIVMT_CONS
  408B44       10 Initialized Data    __INIVMT_CONST
  408B54        0 Initialized Data    __INIVMT_CONST_END
  408B60      1B7 Un-initialized Data EXIFTEST_BSS
  409000        8 __T_L_S__DAT
  409008        0 __T_L_S__DATA_END
  409010        0 __T_L_S__BS
  409010        0 __T_L_S__BSS_END

  401160 _main
  401348 ERRORPROC
  401408 LOAD_@_IIMAGE_@_FREEIMAGECLASS@F6IIMAGEsb
  4015F8 LOAD_@_IIMAGE_@_FREEIMAGECLASS@F6IIMAGERsc
  401754 LOAD_@_IIMAGE_@_FREEIMAGECLASS@F6IIMAGEBb
  401828 LOAD_@_IIMAGE_@_FREEIMAGECLASS@F6IIMAGEll
  401984 LOADRESOURCE_@_IIMAGE_@_FREEIMAGECLASS@F6IIMAGEsb
  401CE0 ONLOAD_@_IIMAGE_@_FREEIMAGECLASS@F6IIMAGEl
  401D18 ONLOADFAILURE_@_IIMAGE_@_FREEIMAGECLASS@F6IIMAGE
  401D48 SETLOADOPTION_@_IIMAGE_@_FREEIMAGECLASS@F6IIMAGEl
  401D78 GETLOADOPTION_@_IIMAGE_@_FREEIMAGECLASS@F6IIMAGE
  401D9C SAVEAS_@_IIMAGE_@_FREEIMAGECLASS@F6IIMAGEsbl
  401F0C SAVE_@_IIMAGE_@_FREEIMAGECLASS@F6IIMAGERscl
  401FF8 SAVE_@_IIMAGE_@_FREEIMAGECLASS@F6IIMAGE
  402168 SAVE_@_IIMAGE_@_FREEIMAGECLASS@F6IIMAGEBbl
  402370 ONSAVE_@_IIMAGE_@_FREEIMAGECLASS@F6IIMAGEl
  4023A8 ONSAVEFAILURE_@_IIMAGE_@_FREEIMAGECLASS@F6IIMAGE
  4023D8 COPYTOIMAGECONTROL_@_IIMAGE_@_FREEIMAGECLASS@F6IIMAGEBwl
  40254C NEWIMAGE_@_IIMAGE_@_FREEIMAGECLASS@F6IIMAGEllll
  40263C BLANK_@_IIMAGE_@_FREEIMAGECLASS@F6IIMAGE
  402680 SETSAVEOPTION_@_IIMAGE_@_FREEIMAGECLASS@F6IIMAGEl
  4026B0 GETSAVEOPTION_@_IIMAGE_@_FREEIMAGECLASS@F6IIMAGE
  4026D4 SETFILENAME_@_IIMAGE_@_FREEIMAGECLASS@F6IIMAGEsb
  402784 SETFILENAME_@_IIMAGE_@_FREEIMAGECLASS@F6IIMAGERsc
  402884 GETFILENAME_@_IIMAGE_@_FREEIMAGECLASS@F6IIMAGE
  4028DC GETFILENAME_@_IIMAGE_@_FREEIMAGECLASS@F6IIMAGERsc
  402948 BRIGHTNESS_@_IIMAGE_@_FREEIMAGECLASS@F6IIMAGEd
  4029C0 CONTRAST_@_IIMAGE_@_FREEIMAGECLASS@F6IIMAGEd
  402A38 GAMMA_@_IIMAGE_@_FREEIMAGECLASS@F6IIMAGEd
  402AEC INVERT_@_IIMAGE_@_FREEIMAGECLASS@F6IIMAGE
  402B1C SETAUTOCOLORDEPTH_@_IIMAGE_@_FREEIMAGECLASS@F6IIMAGEl
  402B5C GETAUTOCOLORDEPTH_@_IIMAGE_@_FREEIMAGECLASS@F6IIMAGE
  402B84 CONVERTCOLORDEPTH_@_IIMAGE_@_FREEIMAGECLASS@F6IIMAGElll
  402C4C CONVERTCOLORDEPTH_@_IIMAGE_@_FREEIMAGECLASS@F6IIMAGE6IIMAGElll
  402DE8 CONVERTTOGRAYSCALE_@_IIMAGE_@_FREEIMAGECLASS@F6IIMAGE
  402E94 CONVERTTOGRAYSCALE_@_IIMAGE_@_FREEIMAGECLASS@F6IIMAGE6IIMAGE
  402EE8 CROP_@_IIMAGE_@_FREEIMAGECLASS@F6IIMAGEllll
  402F70 CROP_@_IIMAGE_@_FREEIMAGECLASS@F6IIMAGE7SA_RECT
  402FD8 JPEGCROP_@_IIMAGE_@_FREEIMAGECLASS@F6IIMAGEsbsbllll
  40310C JPEGCROP_@_IIMAGE_@_FREEIMAGECLASS@F6IIMAGERscRsc7SA_RECT
  403170 JPEGTRANSFORM_@_IIMAGE_@_FREEIMAGECLASS@F6IIMAGEsbsbll
  403294 COPYIMAGE_@_IIMAGE_@_FREEIMAGECLASS@F6IIMAGE6IIMAGEllll
  403320 COPYIMAGE_@_IIMAGE_@_FREEIMAGECLASS@F6IIMAGE6IIMAGE7SA_RECT
  403394 COPYIMAGE_@_IIMAGE_@_FREEIMAGECLASS@F6IIMAGE6IIMAGE
  4033E8 ALPHABLEND_@_IIMAGE_@_FREEIMAGECLASS@F6IIMAGE6IIMAGElll
  403530 COMPOSITE_@_IIMAGE_@_FREEIMAGECLASS@F6IIMAGEl
  4035E4 COMPOSITE_@_IIMAGE_@_FREEIMAGECLASS@F6IIMAGE6IIMAGE
  40367C COMPOSITE_@_IIMAGE_@_FREEIMAGECLASS@F6IIMAGE6IIMAGE6IIMAGE
  403718 ROTATE_@_IIMAGE_@_FREEIMAGECLASS@F6IIMAGEd
  403824 ROTATE_@_IIMAGE_@_FREEIMAGECLASS@F6IIMAGEdddddl
  4038E0 ROTATEIMAGEONEXIFORIENTATION_@_IIMAGE_@_FREEIMAGECLASS@F6IIMAGE6IIMAGE
  403A1C FLIP_@_IIMAGE_@_FREEIMAGECLASS@F6IIMAGEl
  403A80 RESCALE_@_IIMAGE_@_FREEIMAGECLASS@F6IIMAGERdRdl
  403B48 RESCALE_@_IIMAGE_@_FREEIMAGECLASS@F6IIMAGERdl
  403BF8 RESCALE_@_IIMAGE_@_FREEIMAGECLASS@F6IIMAGElll
  403C98 RESCALE_@_IIMAGE_@_FREEIMAGECLASS@F6IIMAGE6IIMAGEdl
  403D4C RESCALE_@_IIMAGE_@_FREEIMAGECLASS@F6IIMAGE6IIMAGElll
  403DEC FITTO_@_IIMAGE_@_FREEIMAGECLASS@F6IIMAGElllllll
  4040F4 GETASPECTRATIO_@_IIMAGE_@_FREEIMAGECLASS@F6IIMAGE
  4041A0 LIMITLONGSIDE_@_IIMAGE_@_FREEIMAGECLASS@F6IIMAGEllRlRl
  40428C THUMBNAIL_@_IIMAGE_@_FREEIMAGECLASS@F6IIMAGE6IIMAGEll
  404370 THUMBNAIL_@_IIMAGE_@_FREEIMAGECLASS@F6IIMAGEll
  404424 THUMBNAIL_@_IIMAGE_@_FREEIMAGECLASS@F6IIMAGE6IIMAGEl
  40447C THUMBNAIL_@_IIMAGE_@_FREEIMAGECLASS@F6IIMAGEl
  404534 RESIZECANVAS_@_IIMAGE_@_FREEIMAGECLASS@F6IIMAGElllll
  404648 RESIZECANVAS_@_IIMAGE_@_FREEIMAGECLASS@F6IIMAGE6IIMAGEllll10SA_RGBQUADl
  4046B4 GETCHANNEL_@_IIMAGE_@_FREEIMAGECLASS@F6IIMAGE6IIMAGEl
  404744 SETCHANNEL_@_IIMAGE_@_FREEIMAGECLASS@F6IIMAGE6IIMAGEl
  4047D0 GETPIXEL_@_IIMAGE_@_FREEIMAGECLASS@F6IIMAGEll
  4048C4 SETPIXEL_@_IIMAGE_@_FREEIMAGECLASS@F6IIMAGElll
  404A00 GETPALETTE_@_IIMAGE_@_FREEIMAGECLASS@F6IIMAGE
  404A3C GETPALETTEENTRY_@_IIMAGE_@_FREEIMAGECLASS@F6IIMAGEl
  404AA8 FINDNEARESTCOLORINDEX_@_IIMAGE_@_FREEIMAGECLASS@F6IIMAGEl
  404B04 GETWIDTH_@_IIMAGE_@_FREEIMAGECLASS@F6IIMAGE
  404B34 GETHEIGHT_@_IIMAGE_@_FREEIMAGECLASS@F6IIMAGE
  404B64 GETSIZE_@_IIMAGE_@_FREEIMAGECLASS@F6IIMAGE14IMAGESIZEGROUP
  404BD4 GETLONGSIDE_@_IIMAGE_@_FREEIMAGECLASS@F6IIMAGE
  404C40 GETBMINFOHEADER_@_IIMAGE_@_FREEIMAGECLASS@F6IIMAGE
  404C70 GETBMINFO_@_IIMAGE_@_FREEIMAGECLASS@F6IIMAGE
  404CA0 GETIMAGEBITS_@_IIMAGE_@_FREEIMAGECLASS@F6IIMAGE
  404CD0 GETBPP_@_IIMAGE_@_FREEIMAGECLASS@F6IIMAGE
  404D00 GETCOLORTYPE_@_IIMAGE_@_FREEIMAGECLASS@F6IIMAGE
  404D30 GETPITCH_@_IIMAGE_@_FREEIMAGECLASS@F6IIMAGE
  404D60 GETDIBSIZE_@_IIMAGE_@_FREEIMAGECLASS@F6IIMAGE
  404D90 GETDOTSPERMETERX_@_IIMAGE_@_FREEIMAGECLASS@F6IIMAGE
  404DC0 SETDOTSPERMETERX_@_IIMAGE_@_FREEIMAGECLASS@F6IIMAGEl
  404DFC GETDOTSPERMETERY_@_IIMAGE_@_FREEIMAGECLASS@F6IIMAGE
  404E2C SETDOTSPERMETERY_@_IIMAGE_@_FREEIMAGECLASS@F6IIMAGEl
  404E68 GETREDMASK_@_IIMAGE_@_FREEIMAGECLASS@F6IIMAGE
  404E98 GETGREENMASK_@_IIMAGE_@_FREEIMAGECLASS@F6IIMAGE
  404EC8 GETBLUEMASK_@_IIMAGE_@_FREEIMAGECLASS@F6IIMAGE
  404EF8 GETTRANSPARENCYCOUNT_@_IIMAGE_@_FREEIMAGECLASS@F6IIMAGE
  404F28 GETTRANSPARENCYTABLE_@_IIMAGE_@_FREEIMAGECLASS@F6IIMAGE
  404F58 SETTRANSPARENCYTABLE_@_IIMAGE_@_FREEIMAGECLASS@F6IIMAGEll
  404F9C SETTRANSPARENT_@_IIMAGE_@_FREEIMAGECLASS@F6IIMAGEl
  404FD8 ISTRANSPARENT_@_IIMAGE_@_FREEIMAGECLASS@F6IIMAGE
  405008 HASBACKGROUNDCOLOR_@_IIMAGE_@_FREEIMAGECLASS@F6IIMAGE
  405038 GETBACKGROUNDCOLOR_@_IIMAGE_@_FREEIMAGECLASS@F6IIMAGE10SA_RGBQUAD
  405070 SETBACKGROUNDCOLOR_@_IIMAGE_@_FREEIMAGECLASS@F6IIMAGE10SA_RGBQUAD
  4050A8 FILLBACKGROUND_@_IIMAGE_@_FREEIMAGECLASS@F6IIMAGE10SA_RGBQUADl
  4050F8 GETBITS_@_IIMAGE_@_FREEIMAGECLASS@F6IIMAGE
  405128 GETSCANLINE_@_IIMAGE_@_FREEIMAGECLASS@F6IIMAGEl
  405164 GETICCPROFILE_@_IIMAGE_@_FREEIMAGECLASS@F6IIMAGE
  405194 CREATEICCPROFILE_@_IIMAGE_@_FREEIMAGECLASS@F6IIMAGE
  4051E0 DESTROYICCPROFILE_@_IIMAGE_@_FREEIMAGECLASS@F6IIMAGE
  405210 GETBITMAP_@_IIMAGE_@_FREEIMAGECLASS@F6IIMAGE
  405234 REPLACEIMAGE_@_IIMAGE_@_FREEIMAGECLASS@F6IIMAGERl
  4052CC ENUMMETADATA_@_IIMAGE_@_FREEIMAGECLASS@F6IIMAGE13METADATAQUEUE
  405548 GETMETADATACOUNT_@_IIMAGE_@_FREEIMAGECLASS@F6IIMAGEl
  405594 GETMETADATA_@_IIMAGE_@_FREEIMAGECLASS@F6IIMAGElsb
  405720 SETMETADATACOMMENTS_@_IIMAGE_@_FREEIMAGECLASS@F6IIMAGEsb
  405AB8 TAKEERROR_@_IIMAGE_@_FREEIMAGECLASS@F6IIMAGElOsb
  405CB4 GETLASTERROR_@_IIMAGE_@_FREEIMAGECLASS@F6IIMAGE
  405CDC BGRTORGB_@_IIMAGE_@_FREEIMAGECLASS@F6IIMAGE10SA_RGBQUAD10SA_BGRQUAD
  405D34 RGBTOBGR_@_IIMAGE_@_FREEIMAGECLASS@F6IIMAGE10SA_BGRQUAD10SA_RGBQUAD
  405D8C GETCOPYRIGHT_@_IIMAGE_@_FREEIMAGECLASS@F6IIMAGE
  405E2C GETVERSION_@_IIMAGE_@_FREEIMAGECLASS@F6IIMAGE
  405ECC _POWEROFTWO_NEAREST_@_IIMAGE_@_FREEIMAGECLASS@F6IIMAGEUl
  405F74 _POWEROFTWO_FLOOR_@_IIMAGE_@_FREEIMAGECLASS@F6IIMAGEUl
  406058 CAPTURESCREEN_@_IIMAGE_@_FREEIMAGECLASS@F6IIMAGEBw
  4060AC CAPTURESCREEN_@_IIMAGE_@_FREEIMAGECLASS@F6IIMAGEl
  4060DC CAPTURESCREEN_@_IIMAGE_@_FREEIMAGECLASS@F6IIMAGEl7SA_RECT
  40611C DESTRUCT@F14FREEIMAGECLASS
  40617C CONSTRUCT@F14FREEIMAGECLASS
  4061FC CAPTURESCREEN@F14FREEIMAGECLASSl7SA_RECT
  406370 CAPTURESCREEN@F14FREEIMAGECLASSl
  4063D8 ONSAVEFAILURE@F14FREEIMAGECLASS
  4063F8 ONSAVE@F14FREEIMAGECLASSl
  406420 ONLOADFAILURE@F14FREEIMAGECLASS
  406440 ONLOAD@F14FREEIMAGECLASSl
  406468 GETFILEDIALOGFILTER@F14FREEIMAGECLASSRscll
  406794 GETFILEDIALOGFILTER@F14FREEIMAGECLASSl
  406874 DESTRUCT@F15FILEDIALOGCLASS
  4068B0 CONSTRUCT@F15FILEDIALOGCLASS
  40698C TAKEERROR@F15FILEDIALOGCLASSUl
  406E00 ONCALLDIALOG@F15FILEDIALOGCLASS15SA_OPENFILENAME
  406E28 SHOW@F15FILEDIALOGCLASSOsbllOUl
  40726C SETDEFAULTPATH@F15FILEDIALOGCLASSsb
  4072C4 SETDIALOGOPTIONS@F15FILEDIALOGCLASSUl
  4072F8 SETDIALOGFILTERNULLS@F15FILEDIALOGCLASSRsc
  4073C8 SETDIALOGFILTER@F15FILEDIALOGCLASSsb
  4082B4 TYPE$FREEIMAGECLASS
  408444 VMT$FREEIMAGECLASS
  4088B8 TYPE$FILEDIALOGCLASS
  408AD0 VMT$FILEDIALOGCLASS
  408B44 VMTP$FILEDIALOGCLASS
  408B4C VMTP$FREEIMAGECLASS
  408B60 $OIMAGE
  408C18 $CSFILENAME
  40A000 __import_section_start
  40BA88 __import_section_end

Imports
ClaRUN.dll:Cla$ADDqueue 40A190
ClaRUN.dll:Cla$BLOB_GET_PROPERTY 40A194
ClaRUN.dll:Cla$BLOB_SET_PROPERTY 40A198
ClaRUN.dll:Cla$BLOB_TAKE 40A19C
ClaRUN.dll:Cla$CLEAR 40A1A0
ClaRUN.dll:Cla$CLEARqueue 40A1A4
ClaRUN.dll:Cla$clearstr 40A1A8
ClaRUN.dll:Cla$code 40A1AC
ClaRUN.dll:Cla$comparestr 40A1B0
ClaRUN.dll:Cla$DecDistinct 40A1B4
ClaRUN.dll:Cla$DecDivide 40A1B8
ClaRUN.dll:Cla$DecMul 40A1BC
ClaRUN.dll:Cla$DecSub 40A1C0
ClaRUN.dll:Cla$DPopLong 40A1C4
ClaRUN.dll:Cla$DPopReal 40A1C8
ClaRUN.dll:Cla$DPopUlong 40A1CC
ClaRUN.dll:Cla$DPushConstant 40A1D0
ClaRUN.dll:Cla$DPushLong 40A1D4
ClaRUN.dll:Cla$DPushULong 40A1D8
ClaRUN.dll:Cla$ERRORCODE 40A1DC,401000
ClaRUN.dll:Cla$FILEDIALOG 40A1E0,401008
ClaRUN.dll:Cla$FREEqueuea 40A1E4,401010
ClaRUN.dll:Cla$freestr 40A1E8
ClaRUN.dll:Cla$FreeUfo 40A1EC
ClaRUN.dll:Cla$GetPropS 40A1F0
ClaRUN.dll:Cla$init 40A1F4
ClaRUN.dll:Cla$LOCKTHREAD 40A1F8,401018
ClaRUN.dll:Cla$Mem2Ufo 40A1FC
ClaRUN.dll:Cla$MessageBox 40A200,401020
ClaRUN.dll:Cla$modulus 40A204
ClaRUN.dll:Cla$NewMemZ 40A208
ClaRUN.dll:Cla$PopCString 40A20C
ClaRUN.dll:Cla$PopString 40A210
ClaRUN.dll:Cla$PopTemp 40A214
ClaRUN.dll:Cla$PushCString 40A218
ClaRUN.dll:Cla$PushLong 40A21C
ClaRUN.dll:Cla$PushString 40A220
ClaRUN.dll:Cla$realdistinct 40A224
ClaRUN.dll:Cla$SetPropV 40A228
ClaRUN.dll:Cla$SHORTPATH 40A22C,401028
ClaRUN.dll:Cla$Stack2DStack 40A230
ClaRUN.dll:Cla$StackCLIP 40A234,401030
ClaRUN.dll:Cla$StackCompareN 40A238
ClaRUN.dll:Cla$StackCompareNEQ 40A23C
ClaRUN.dll:Cla$StackConcat 40A240
ClaRUN.dll:Cla$StackHeap 40A244
ClaRUN.dll:Cla$StackINSTRING 40A248,401038
ClaRUN.dll:Cla$StackLen 40A24C,401040
ClaRUN.dll:Cla$StackLOWER 40A250,401048
ClaRUN.dll:Cla$StackRotate 40A254
ClaRUN.dll:Cla$StackUPPER 40A258,401050
ClaRUN.dll:Cla$storecstr 40A25C
ClaRUN.dll:Cla$storestr 40A260
ClaRUN.dll:Cla$String2Ref 40A264
ClaRUN.dll:Cla$UNLOCKTHREAD 40A268,401058
ClaRUN.dll:_exit 40A26C,401060
ClaRUN.dll:_free 40A270
ClaRUN.dll:_malloc 40A274
ClaRUN.dll:_memcpy 40A278,401068
ClaRUN.dll:__a_chkstk 40A27C,401070
ClaRUN.dll:__e_index 40A280,401078
ClaRUN.dll:__e_stack 40A284,401080
ClaRUN.dll:__sysinit 40A288,401088
ClaRUN.dll:__sysstart 40A28C,401090
comdlg32.dll:CommDlgExtendedError 40A2A4,401098
comdlg32.dll:GetOpenFileNameA 40A2A8,4010A0
comdlg32.dll:GetSaveFileNameA 40A2AC,4010A8
FreeImage.dll:_FreeImage_AcquireMemory@12 40A444
FreeImage.dll:_FreeImage_AdjustBrightness@12 40A448
FreeImage.dll:_FreeImage_AdjustContrast@12 40A44C
FreeImage.dll:_FreeImage_AdjustGamma@12 40A450
FreeImage.dll:_FreeImage_Allocate@24 40A454
FreeImage.dll:_FreeImage_Clone@4 40A458
FreeImage.dll:_FreeImage_CloseMemory@4 40A45C
FreeImage.dll:_FreeImage_ColorQuantize@8 40A460
FreeImage.dll:_FreeImage_Composite@16 40A464
FreeImage.dll:_FreeImage_ConvertTo16Bits555@4 40A468
FreeImage.dll:_FreeImage_ConvertTo16Bits565@4 40A46C
FreeImage.dll:_FreeImage_ConvertTo24Bits@4 40A470
FreeImage.dll:_FreeImage_ConvertTo32Bits@4 40A474
FreeImage.dll:_FreeImage_ConvertTo4Bits@4 40A478
FreeImage.dll:_FreeImage_ConvertTo8Bits@4 40A47C
FreeImage.dll:_FreeImage_ConvertToGreyscale@4 40A480
FreeImage.dll:_FreeImage_Copy@20 40A484
FreeImage.dll:_FreeImage_CreateICCProfile@12 40A488
FreeImage.dll:_FreeImage_CreateTag@0 40A48C
FreeImage.dll:_FreeImage_DeleteTag@4 40A490
FreeImage.dll:_FreeImage_DestroyICCProfile@4 40A494
FreeImage.dll:_FreeImage_Dither@8 40A498
FreeImage.dll:_FreeImage_EnlargeCanvas@28 40A49C
FreeImage.dll:_FreeImage_FIFSupportsExportBPP@8 40A4A0
FreeImage.dll:_FreeImage_FIFSupportsReading@4 40A4A4
FreeImage.dll:_FreeImage_FIFSupportsWriting@4 40A4A8
FreeImage.dll:_FreeImage_FillBackground@12 40A4AC
FreeImage.dll:_FreeImage_FindCloseMetadata@4 40A4B0
FreeImage.dll:_FreeImage_FindFirstMetadata@12 40A4B4
FreeImage.dll:_FreeImage_FindNextMetadata@8 40A4B8
FreeImage.dll:_FreeImage_FlipHorizontal@4 40A4BC
FreeImage.dll:_FreeImage_FlipVertical@4 40A4C0
FreeImage.dll:_FreeImage_GetBackgroundColor@8 40A4C4
FreeImage.dll:_FreeImage_GetBits@4 40A4C8
FreeImage.dll:_FreeImage_GetBlueMask@4 40A4CC
FreeImage.dll:_FreeImage_GetBPP@4 40A4D0
FreeImage.dll:_FreeImage_GetChannel@8 40A4D4
FreeImage.dll:_FreeImage_GetColorType@4 40A4D8
FreeImage.dll:_FreeImage_GetCopyrightMessage@0 40A4DC
FreeImage.dll:_FreeImage_GetDIBSize@4 40A4E0
FreeImage.dll:_FreeImage_GetDotsPerMeterX@4 40A4E4
FreeImage.dll:_FreeImage_GetDotsPerMeterY@4 40A4E8
FreeImage.dll:_FreeImage_GetFIFCount@0 40A4EC
FreeImage.dll:_FreeImage_GetFIFDescription@4 40A4F0
FreeImage.dll:_FreeImage_GetFIFExtensionList@4 40A4F4
FreeImage.dll:_FreeImage_GetFIFFromFilename@4 40A4F8
FreeImage.dll:_FreeImage_GetFileType@8 40A4FC
FreeImage.dll:_FreeImage_GetFileTypeFromMemory@8 40A500
FreeImage.dll:_FreeImage_GetGreenMask@4 40A504
FreeImage.dll:_FreeImage_GetHeight@4 40A508
FreeImage.dll:_FreeImage_GetICCProfile@4 40A50C
FreeImage.dll:_FreeImage_GetInfo@4 40A510
FreeImage.dll:_FreeImage_GetInfoHeader@4 40A514
FreeImage.dll:_FreeImage_GetMetadata@16 40A518
FreeImage.dll:_FreeImage_GetMetadataCount@8 40A51C
FreeImage.dll:_FreeImage_GetPalette@4 40A520
FreeImage.dll:_FreeImage_GetPitch@4 40A524
FreeImage.dll:_FreeImage_GetPixelColor@16 40A528
FreeImage.dll:_FreeImage_GetPixelIndex@16 40A52C
FreeImage.dll:_FreeImage_GetRedMask@4 40A530
FreeImage.dll:_FreeImage_GetScanLine@8 40A534
FreeImage.dll:_FreeImage_GetTagDescription@4 40A538
FreeImage.dll:_FreeImage_GetTagKey@4 40A53C
FreeImage.dll:_FreeImage_GetTransparencyCount@4 40A540
FreeImage.dll:_FreeImage_GetVersion@0 40A544
FreeImage.dll:_FreeImage_GetWidth@4 40A548
FreeImage.dll:_FreeImage_HasBackgroundColor@4 40A54C
FreeImage.dll:_FreeImage_Invert@4 40A550
FreeImage.dll:_FreeImage_IsTransparent@4 40A554
FreeImage.dll:_FreeImage_JPEGCrop@24 40A558
FreeImage.dll:_FreeImage_JPEGTransform@16 40A55C
FreeImage.dll:_FreeImage_Load@12 40A560
FreeImage.dll:_FreeImage_LoadFromMemory@12 40A564
FreeImage.dll:_FreeImage_MakeThumbnail@12 40A568
FreeImage.dll:_FreeImage_OpenMemory@8 40A56C
FreeImage.dll:_FreeImage_Paste@20 40A570
FreeImage.dll:_FreeImage_Rescale@16 40A574
FreeImage.dll:_FreeImage_RotateClassic@12 40A578
FreeImage.dll:_FreeImage_RotateEx@48 40A57C
FreeImage.dll:_FreeImage_Save@16 40A580
FreeImage.dll:_FreeImage_SaveToMemory@16 40A584
FreeImage.dll:_FreeImage_SetBackgroundColor@8 40A588
FreeImage.dll:_FreeImage_SetChannel@12 40A58C
FreeImage.dll:_FreeImage_SetDotsPerMeterX@8 40A590
FreeImage.dll:_FreeImage_SetDotsPerMeterY@8 40A594
FreeImage.dll:_FreeImage_SetMetadata@16 40A598
FreeImage.dll:_FreeImage_SetOutputMessage@4 40A59C
FreeImage.dll:_FreeImage_SetPixelColor@16 40A5A0
FreeImage.dll:_FreeImage_SetPixelIndex@16 40A5A4
FreeImage.dll:_FreeImage_SetTagCount@8 40A5A8
FreeImage.dll:_FreeImage_SetTagKey@8 40A5AC
FreeImage.dll:_FreeImage_SetTagLength@8 40A5B0
FreeImage.dll:_FreeImage_SetTagType@8 40A5B4
FreeImage.dll:_FreeImage_SetTagValue@8 40A5B8
FreeImage.dll:_FreeImage_SetTransparencyTable@12 40A5BC
FreeImage.dll:_FreeImage_SetTransparent@8 40A5C0
FreeImage.dll:_FreeImage_TagToString@12 40A5C4
FreeImage.dll:_FreeImage_Threshold@8 40A5C8
FreeImage.dll:_FreeImage_Unload@4 40A5CC
GDI32.dll:BitBlt 40A5F4,4010B0
GDI32.dll:CreateCompatibleBitmap 40A5F8,4010B8
GDI32.dll:CreateCompatibleDC 40A5FC,4010C0
GDI32.dll:DeleteDC 40A600,4010C8
GDI32.dll:DeleteObject 40A604,4010D0
GDI32.dll:GetDIBits 40A608,4010D8
GDI32.dll:SelectObject 40A60C,4010E0
KERNEL32.dll:FindResourceA 40A644
KERNEL32.dll:GlobalAlloc 40A648,4010E8
KERNEL32.dll:GlobalFree 40A64C,4010F0
KERNEL32.dll:GlobalLock 40A650,4010F8
KERNEL32.dll:GlobalUnlock 40A654,401100
KERNEL32.dll:LoadResource 40A658,401108
KERNEL32.dll:LockResource 40A65C,401110
KERNEL32.dll:lstrlen 40A660,401118
KERNEL32.dll:RtlMoveMemory 40A664,401120
KERNEL32.dll:RtlZeroMemory 40A668,401128
KERNEL32.dll:SizeofResource 40A66C,401130
USER32.dll:GetDC 40A68C,401138
USER32.dll:GetSysColor 40A690,401140
USER32.dll:GetWindowRect 40A694,401148
USER32.dll:MapWindowPoints 40A698,401150
USER32.dll:ReleaseDC 40A69C,401158



Entry Point:   406800